2026-05-14T12:23:10.487Z INFO Is remote: false
2026-05-14T12:23:10.487Z INFO Starting Local. Installation path: e:\
2026-05-14T12:23:10.488Z INFO [MainProvider] Creating new MainProvider instance...
2026-05-14T12:23:10.488Z INFO [TabsManager] Code view listener set up at initialization
2026-05-14T12:23:10.489Z INFO Installation path exists: e:\
2026-05-14T12:23:10.490Z INFO Initializing database with URL: file:e:\pythagora-core\data\database\pythagora.db
2026-05-14T12:23:10.492Z INFO Database file exists, skipping prisma generate/push for faster startup
2026-05-14T12:23:10.493Z INFO Database initialized successfully
2026-05-14T12:23:10.493Z INFO [Migration] Checking for database migration...
2026-05-14T12:23:10.658Z INFO [Migration] No migration needed
2026-05-14T12:26:27.276Z INFO [TabsManager] First file opened, triggering split view
2026-05-14T12:26:27.277Z INFO [MainProvider] First file opened, creating split view
2026-05-14T12:27:05.572Z INFO [TabsManager] First file opened, triggering split view
2026-05-14T12:27:05.573Z INFO [MainProvider] First file opened, creating split view
2026-05-14T12:27:32.301Z INFO [TabsManager] First file opened, triggering split view
2026-05-14T12:27:32.301Z INFO [MainProvider] First file opened, creating split view
2026-05-14T12:28:09.449Z INFO [TabsManager] First file opened, triggering split view
2026-05-14T12:28:09.450Z INFO [MainProvider] First file opened, creating split view
2026-05-14T12:28:16.761Z INFO Closing entire Pythagora extension...
2026-05-14T12:28:16.766Z ERROR Error closing extension
Error: Canceled
Stack: Canceled: Canceled
	at new GI (file:///c:/Users/RAHUL/AppData/Local/Programs/Microsoft%20VS%20Code/0958016b2a/resources/app/out/vs/workbench/api/node/extensionHostProcess.js:407:151628)
	at i._remoteCall (file:///c:/Users/RAHUL/AppData/Local/Programs/Microsoft%20VS%20Code/0958016b2a/resources/app/out/vs/workbench/api/node/extensionHostProcess.js:407:157680)
	at r.<computed>.s.charCodeAt.r.<computed> (file:///c:/Users/RAHUL/AppData/Local/Programs/Microsoft%20VS%20Code/0958016b2a/resources/app/out/vs/workbench/api/node/extensionHostProcess.js:407:154475)
	at Ig._doExecuteCommand (file:///c:/Users/RAHUL/AppData/Local/Programs/Microsoft%20VS%20Code/0958016b2a/resources/app/out/vs/workbench/api/node/extensionHostProcess.js:502:48120)
	at Ig.executeCommand (file:///c:/Users/RAHUL/AppData/Local/Programs/Microsoft%20VS%20Code/0958016b2a/resources/app/out/vs/workbench/api/node/extensionHostProcess.js:502:47567)
	at Object.executeCommand (file:///c:/Users/RAHUL/AppData/Local/Programs/Microsoft%20VS%20Code/0958016b2a/resources/app/out/vs/workbench/api/node/extensionHostProcess.js:641:136457)
	at closeEntirePythagoraExtension (c:\Users\RAHUL\.vscode\extensions\pythagoratechnologies.pythagora-vs-code-2.6.19\out\extension.js:542:31)
	at Object.deactivate (c:\Users\RAHUL\.vscode\extensions\pythagoratechnologies.pythagora-vs-code-2.6.19\out\extension.js:409:15)
	at mP._deactivate (file:///c:/Users/RAHUL/AppData/Local/Programs/Microsoft%20VS%20Code/0958016b2a/resources/app/out/vs/workbench/api/node/extensionHostProcess.js:506:14483)
	at file:///c:/Users/RAHUL/AppData/Local/Programs/Microsoft%20VS%20Code/0958016b2a/resources/app/out/vs/workbench/api/node/extensionHostProcess.js:506:12010
	at Array.map (<anonymous>)
	at mP._deactivateAll (file:///c:/Users/RAHUL/AppData/Local/Programs/Microsoft%20VS%20Code/0958016b2a/resources/app/out/vs/workbench/api/node/extensionHostProcess.js:506:11998)
	at mP.terminate (file:///c:/Users/RAHUL/AppData/Local/Programs/Microsoft%20VS%20Code/0958016b2a/resources/app/out/vs/workbench/api/node/extensionHostProcess.js:506:12349)
	at i.terminate (file:///c:/Users/RAHUL/AppData/Local/Programs/Microsoft%20VS%20Code/0958016b2a/resources/app/out/vs/workbench/api/node/extensionHostProcess.js:508:1072)
	at Gs (file:///c:/Users/RAHUL/AppData/Local/Programs/Microsoft%20VS%20Code/0958016b2a/resources/app/out/vs/workbench/api/node/extensionHostProcess.js:805:11700)
	at lp.value (file:///c:/Users/RAHUL/AppData/Local/Programs/Microsoft%20VS%20Code/0958016b2a/resources/app/out/vs/workbench/api/node/extensionHostProcess.js:805:9847)
	at E._deliver (file:///c:/Users/RAHUL/AppData/Local/Programs/Microsoft%20VS%20Code/0958016b2a/resources/app/out/vs/workbench/api/node/extensionHostProcess.js:403:3244)
	at E.fire (file:///c:/Users/RAHUL/AppData/Local/Programs/Microsoft%20VS%20Code/0958016b2a/resources/app/out/vs/workbench/api/node/extensionHostProcess.js:403:3562)
	at ss.fire (file:///c:/Users/RAHUL/AppData/Local/Programs/Microsoft%20VS%20Code/0958016b2a/resources/app/out/vs/workbench/api/node/extensionHostProcess.js:405:8437)
	at MessagePortMain.<anonymous> (file:///c:/Users/RAHUL/AppData/Local/Programs/Microsoft%20VS%20Code/0958016b2a/resources/app/out/vs/workbench/api/node/extensionHostProcess.js:805:8082)
	at MessagePortMain.emit (node:events:519:28)
	at MessagePortMain._internalPort.emit (node:electron/js2c/utility_init:2:2959)
Extra context: {
  "message": "Canceled"
}
